// Vitest Snapshot v1, https://vitest.dev/guide/snapshot.html

exports[`FormContainer.vue > renders correctly 1`] = `
<div
  class="fixed top-1/2 left-1/2 -translate-x-1/2 -translate-y-1/2 bg-secondary flex flex-col items-center justify-center rounded-lg shadow-lg p-4 w-[100%] sm:w-auto"
>
  
  
</div>
`;
